Your firing map:
        A       B       C       D       E       F       G       H
1       ~       ~       ~       ~       ~       ~       ~       ~
2       ~       ~       ~       ~       ~       ~       ~       ~
3       ~       ~       ~       ~       ~       ~       ~       ~
4       ~       ~       ~       ~       ~       ~       ~       ~
5       ~       ~       ~       ~       ~       ~       ~       ~
6       ~       ~       ~       ~       ~       ~       ~       ~
7       ~       ~       ~       ~       ~       ~       ~       ~
8       ~       ~       ~       ~       ~       ~       ~       ~

Your ship map:
        A       B       C       D       E       F       G       H
1       1       ~       ~       ~       ~       ~       ~       ~
2       ~       ~       ~       ~       ~       ~       ~       ~
3       2       2       ~       ~       ~       ~       ~       ~
4       ~       ~       ~       ~       ~       ~       ~       ~
5       ~       ~       ~       ~       ~       ~       ~       ~
6       ~       ~       ~       ~       ~       ~       ~       ~
7       ~       ~       ~       ~       ~       ~       ~       ~
8       ~       ~       ~       ~       ~       ~       ~       ~

Player 1, input a valid coordinate to fire on: Player ^C
C:\Users\Connie\Documents\repos\eecs448\Return-Awesome---Project-2\Battleship-2.0>Battleship.exemake
'Battleship.exemake' is not recognized as an internal or external command,
operable program or batch file.

C:\Users\Connie\Documents\repos\eecs448\Return-Awesome---Project-2\Battleship-2.0>make
g++ -std=c++11 -g -Wall -c main.cpp
g++ -std=c++11 -g -Wall -c Executive.cpp Admiral.cpp Ship.cpp Grid.cpp PowerUps.cpp Testing.cpp Test.cpp GridTest.cpp PowerUpsTest.cpp
Executive.cpp: In member function 'std::vector<std::__cxx11::basic_string<char> >* Executive::getPowerups(int) const':
Executive.cpp:637:1: warning: no return statement in function returning non-void [-Wreturn-type]
 }
 ^
Executive.cpp: In member function 'int Executive::mainMenu()':
Executive.cpp:432:1: warning: control reaches end of non-void function [-Wreturn-type]
 }
 ^
Admiral.cpp: In member function 'std::__cxx11::string Admiral::incomingShot(std::__cxx11::string)':
Admiral.cpp:85:8: warning: unused variable 'numAfloat' [-Wunused-variable]
    int numAfloat = decNumAfloat();
        ^~~~~~~~~
PowerUps.cpp: In member function 'void PowerUps::removePowerUp(std::__cxx11::string, bool)':
PowerUps.cpp:240:20: warning: comparison between signed and unsigned integer expressions [-Wsign-compare]
     for(int i = 0;i<list.size();i++){
                   ~^~~~~~~~~~~~
GridTest.cpp: In member function 'bool GridTest::testParticularGrid()':
GridTest.cpp:174:1: warning: no return statement in function returning non-void [-Wreturn-type]
 }
 ^
PowerUpsTest.cpp: In member function 'bool PowerUpsTest::testTorpedo()':
PowerUpsTest.cpp:75:10: warning: unused variable 'hasPassed' [-Wunused-variable]
     bool hasPassed = 1;
          ^~~~~~~~~
PowerUpsTest.cpp: In member function 'bool PowerUpsTest::testRadar()':
PowerUpsTest.cpp:80:10: warning: unused variable 'hasPassed' [-Wunused-variable]
     bool hasPassed =1;
          ^~~~~~~~~
PowerUpsTest.cpp: In member function 'bool PowerUpsTest::testScatter()':
PowerUpsTest.cpp:85:10: warning: unused variable 'hasPassed' [-Wunused-variable]
     bool hasPassed = 1;
          ^~~~~~~~~
PowerUpsTest.cpp: In member function 'bool PowerUpsTest::testUber()':
PowerUpsTest.cpp:90:10: warning: unused variable 'hasPassed' [-Wunused-variable]
     bool hasPassed = 1;
          ^~~~~~~~~
g++ -std=c++11 -g -Wall main.o Executive.o Admiral.o Ship.o Grid.o PowerUps.o Testing.o Test.o GridTest.o PowerUpsTest.o \
        -o Battleship

C:\Users\Connie\Documents\repos\eecs448\Return-Awesome---Project-2\Battleship-2.0>Battleship.exe


  ____        _   _   _           _     _
 |  _ \      | | | | | |         | |   (_)
 | |_) | __ _| |_| |_| | ___  ___| |__  _ _ __
 |  _ < / _` | __| __| |/ _ \/ __| '_ \| | '_ \
 | |_) | (_| | |_| |_| |  __/\__ \ | | | | |_) |
 |____/ \__,_|\__|\__|_|\___||___/_| |_|_| .__/
                                         | |
                                         |_|

Menu:
 1) Instructions
 2) Start Game: Player vs. Player
 3) Start Game: Player vs. AI
 4) Quit Game

Enter option (1-4): 2
Starting a Player vs. Player game!

How many ships would you like to play with? (1-5 ships): 2
Player 1: It's time to place your ships.
        A       B       C       D       E       F       G       H
1       ~       ~       ~       ~       ~       ~       ~       ~
2       ~       ~       ~       ~       ~       ~       ~       ~
3       ~       ~       ~       ~       ~       ~       ~       ~
4       ~       ~       ~       ~       ~       ~       ~       ~
5       ~       ~       ~       ~       ~       ~       ~       ~
6       ~       ~       ~       ~       ~       ~       ~       ~
7       ~       ~       ~       ~       ~       ~       ~       ~
8       ~       ~       ~       ~       ~       ~       ~       ~

It's time to place your ship of size 1x1. Enter a starting coordinate
Please enter a coordinate in the form 1A: 1A
It's time to place your ship of size 1x2. Enter a starting coordinate
Please enter a coordinate in the form 1A: 2A
Enter an ending coordinate (possible ending coordinates for this ship are: 3A 2B
 Enter the ending coordinate from the list. Please enter a coordinate in the form 1A: 2C

 Error. Enter one of the coordinates listed above. Please enter a coordinate in the form 1A: 2B
        A       B       C       D       E       F       G       H
1       1       ~       ~       ~       ~       ~       ~       ~
2       2       2       ~       ~       ~       ~       ~       ~
3       ~       ~       ~       ~       ~       ~       ~       ~
4       ~       ~       ~       ~       ~       ~       ~       ~
5       ~       ~       ~       ~       ~       ~       ~       ~
6       ~       ~       ~       ~       ~       ~       ~       ~
7       ~       ~       ~       ~       ~       ~       ~       ~
8       ~       ~       ~       ~       ~       ~       ~       ~

Thanks for placing your ships, player 1!
Now it's player 2's turn.










Player 2: It's time to place your ships.
        A       B       C       D       E       F       G       H
1       ~       ~       ~       ~       ~       ~       ~       ~
2       ~       ~       ~       ~       ~       ~       ~       ~
3       ~       ~       ~       ~       ~       ~       ~       ~
4       ~       ~       ~       ~       ~       ~       ~       ~
5       ~       ~       ~       ~       ~       ~       ~       ~
6       ~       ~       ~       ~       ~       ~       ~       ~
7       ~       ~       ~       ~       ~       ~       ~       ~
8       ~       ~       ~       ~       ~       ~       ~       ~

It's time to place your ship of size 1x1. Enter a starting coordinate
Please enter a coordinate in the form 1A: 2BInvalid coordinate. Please enter a coordinate in the form 1A: ^C
C:\Users\Connie\Documents\repos\eecs448\Return-Awesome---Project-2\Battleship-2.0>make
g++ -std=c++11 -g -Wall -c main.cpp
g++ -std=c++11 -g -Wall -c Executive.cpp Admiral.cpp Ship.cpp Grid.cpp PowerUps.cpp Testing.cpp Test.cpp GridTest.cpp PowerUpsTest.cpp
Executive.cpp: In member function 'std::vector<std::__cxx11::basic_string<char> >* Executive::getPowerups(int) const':
Executive.cpp:639:1: warning: no return statement in function returning non-void [-Wreturn-type]
 }
 ^
Executive.cpp: In member function 'int Executive::mainMenu()':
Executive.cpp:432:1: warning: control reaches end of non-void function [-Wreturn-type]
 }
 ^
Admiral.cpp: In member function 'std::__cxx11::string Admiral::incomingShot(std::__cxx11::string)':
Admiral.cpp:85:8: warning: unused variable 'numAfloat' [-Wunused-variable]
    int numAfloat = decNumAfloat();
        ^~~~~~~~~
PowerUps.cpp: In member function 'void PowerUps::removePowerUp(std::__cxx11::string, bool)':
PowerUps.cpp:240:20: warning: comparison between signed and unsigned integer expressions [-Wsign-compare]
     for(int i = 0;i<list.size();i++){
                   ~^~~~~~~~~~~~
GridTest.cpp: In member function 'bool GridTest::testParticularGrid()':
GridTest.cpp:174:1: warning: no return statement in function returning non-void [-Wreturn-type]
 }
 ^
PowerUpsTest.cpp: In member function 'bool PowerUpsTest::testTorpedo()':
PowerUpsTest.cpp:75:10: warning: unused variable 'hasPassed' [-Wunused-variable]
     bool hasPassed = 1;
          ^~~~~~~~~
PowerUpsTest.cpp: In member function 'bool PowerUpsTest::testRadar()':
PowerUpsTest.cpp:80:10: warning: unused variable 'hasPassed' [-Wunused-variable]
     bool hasPassed =1;
          ^~~~~~~~~
PowerUpsTest.cpp: In member function 'bool PowerUpsTest::testScatter()':
PowerUpsTest.cpp:85:10: warning: unused variable 'hasPassed' [-Wunused-variable]
     bool hasPassed = 1;
          ^~~~~~~~~
PowerUpsTest.cpp: In member function 'bool PowerUpsTest::testUber()':
PowerUpsTest.cpp:90:10: warning: unused variable 'hasPassed' [-Wunused-variable]
     bool hasPassed = 1;
          ^~~~~~~~~
g++ -std=c++11 -g -Wall main.o Executive.o Admiral.o Ship.o Grid.o PowerUps.o Testing.o Test.o GridTest.o PowerUpsTest.o \
        -o Battleship

C:\Users\Connie\Documents\repos\eecs448\Return-Awesome---Project-2\Battleship-2.0>Battleship.exe


  ____        _   _   _           _     _
 |  _ \      | | | | | |         | |   (_)
 | |_) | __ _| |_| |_| | ___  ___| |__  _ _ __
 |  _ < / _` | __| __| |/ _ \/ __| '_ \| | '_ \
 | |_) | (_| | |_| |_| |  __/\__ \ | | | | |_) |
 |____/ \__,_|\__|\__|_|\___||___/_| |_|_| .__/
                                         | |
                                         |_|

Menu:
 1) Instructions
 2) Start Game: Player vs. Player
 3) Start Game: Player vs. AI
 4) Quit Game

Enter option (1-4): 2
Starting a Player vs. Player game!

How many ships would you like to play with? (1-5 ships): 2
Player 1: It's time to place your ships.
        A       B       C       D       E       F       G       H
1       ~       ~       ~       ~       ~       ~       ~       ~
2       ~       ~       ~       ~       ~       ~       ~       ~
3       ~       ~       ~       ~       ~       ~       ~       ~
4       ~       ~       ~       ~       ~       ~       ~       ~
5       ~       ~       ~       ~       ~       ~       ~       ~
6       ~       ~       ~       ~       ~       ~       ~       ~
7       ~       ~       ~       ~       ~       ~       ~       ~
8       ~       ~       ~       ~       ~       ~       ~       ~

It's time to place your ship of size 1x1. Enter a starting coordinate
Please enter a coordinate in the form 1A: 1A
        A       B       C       D       E       F       G       H
1       1       ~       ~       ~       ~       ~       ~       ~
2       ~       ~       ~       ~       ~       ~       ~       ~
3       ~       ~       ~       ~       ~       ~       ~       ~
4       ~       ~       ~       ~       ~       ~       ~       ~
5       ~       ~       ~       ~       ~       ~       ~       ~
6       ~       ~       ~       ~       ~       ~       ~       ~
7       ~       ~       ~       ~       ~       ~       ~       ~
8       ~       ~       ~       ~       ~       ~       ~       ~

It's time to place your ship of size 1x2. Enter a starting coordinate
Please enter a coordinate in the form 1A: 3B
Enter an ending coordinate (possible ending coordinates for this ship are: 4B 2B 3C 3A
 Enter the ending coordinate from the list. Please enter a coordinate in the form 1A: 1A^C
C:\Users\Connie\Documents\repos\eecs448\Return-Awesome---Project-2\Battleship-2.0>make
g++ -std=c++11 -g -Wall -c Executive.cpp Admiral.cpp Ship.cpp Grid.cpp PowerUps.cpp Testing.cpp Test.cpp GridTest.cpp PowerUpsTest.cpp
Executive.cpp: In member function 'std::vector<std::__cxx11::basic_string<char> >* Executive::getPowerups(int) const':
Executive.cpp:638:1: warning: no return statement in function returning non-void [-Wreturn-type]
 }
 ^
Executive.cpp: In member function 'int Executive::mainMenu()':
Executive.cpp:431:1: warning: control reaches end of non-void function [-Wreturn-type]
 }
 ^
Admiral.cpp: In member function 'std::__cxx11::string Admiral::incomingShot(std::__cxx11::string)':
Admiral.cpp:85:8: warning: unused variable 'numAfloat' [-Wunused-variable]
    int numAfloat = decNumAfloat();
        ^~~~~~~~~
PowerUps.cpp: In member function 'void PowerUps::removePowerUp(std::__cxx11::string, bool)':
PowerUps.cpp:240:20: warning: comparison between signed and unsigned integer expressions [-Wsign-compare]
     for(int i = 0;i<list.size();i++){
                   ~^~~~~~~~~~~~
GridTest.cpp: In member function 'bool GridTest::testParticularGrid()':
GridTest.cpp:174:1: warning: no return statement in function returning non-void [-Wreturn-type]
 }
 ^
PowerUpsTest.cpp: In member function 'bool PowerUpsTest::testTorpedo()':
PowerUpsTest.cpp:75:10: warning: unused variable 'hasPassed' [-Wunused-variable]
     bool hasPassed = 1;
          ^~~~~~~~~
PowerUpsTest.cpp: In member function 'bool PowerUpsTest::testRadar()':
PowerUpsTest.cpp:80:10: warning: unused variable 'hasPassed' [-Wunused-variable]
     bool hasPassed =1;
          ^~~~~~~~~
PowerUpsTest.cpp: In member function 'bool PowerUpsTest::testScatter()':
PowerUpsTest.cpp:85:10: warning: unused variable 'hasPassed' [-Wunused-variable]
     bool hasPassed = 1;
          ^~~~~~~~~
PowerUpsTest.cpp: In member function 'bool PowerUpsTest::testUber()':
PowerUpsTest.cpp:90:10: warning: unused variable 'hasPassed' [-Wunused-variable]
     bool hasPassed = 1;
          ^~~~~~~~~
g++ -std=c++11 -g -Wall main.o Executive.o Admiral.o Ship.o Grid.o PowerUps.o Testing.o Test.o GridTest.o PowerUpsTest.o \
        -o Battleship

C:\Users\Connie\Documents\repos\eecs448\Return-Awesome---Project-2\Battleship-2.0>Battleship.exe


  ____        _   _   _           _     _
 |  _ \      | | | | | |         | |   (_)
 | |_) | __ _| |_| |_| | ___  ___| |__  _ _ __
 |  _ < / _` | __| __| |/ _ \/ __| '_ \| | '_ \
 | |_) | (_| | |_| |_| |  __/\__ \ | | | | |_) |
 |____/ \__,_|\__|\__|_|\___||___/_| |_|_| .__/
                                         | |
                                         |_|

Menu:
 1) Instructions
 2) Start Game: Player vs. Player
 3) Start Game: Player vs. AI
 4) Quit Game

Enter option (1-4): 2
Starting a Player vs. Player game!

How many ships would you like to play with? (1-5 ships): 2
Player 1: It's time to place your ships.
        A       B       C       D       E       F       G       H
1       ~       ~       ~       ~       ~       ~       ~       ~
2       ~       ~       ~       ~       ~       ~       ~       ~
3       ~       ~       ~       ~       ~       ~       ~       ~
4       ~       ~       ~       ~       ~       ~       ~       ~
5       ~       ~       ~       ~       ~       ~       ~       ~
6       ~       ~       ~       ~       ~       ~       ~       ~
7       ~       ~       ~       ~       ~       ~       ~       ~
8       ~       ~       ~       ~       ~       ~       ~       ~

It's time to place your ship of size 1x1. Enter a starting coordinate
Please enter a coordinate in the form 1A: 1A
        A       B       C       D       E       F       G       H
1       1       ~       ~       ~       ~       ~       ~       ~
2       ~       ~       ~       ~       ~       ~       ~       ~
3       ~       ~       ~       ~       ~       ~       ~       ~
4       ~       ~       ~       ~       ~       ~       ~       ~
5       ~       ~       ~       ~       ~       ~       ~       ~
6       ~       ~       ~       ~       ~       ~       ~       ~
7       ~       ~       ~       ~       ~       ~       ~       ~
8       ~       ~       ~       ~       ~       ~       ~       ~

It's time to place your ship of size 1x2. Enter a starting coordinate
Please enter a coordinate in the form 1A: 3B
Enter an ending coordinate (possible ending coordinates for this ship are: 4B 2B 3C 3A Please enter a coordinate in the form 1A: 3A
        A       B       C       D       E       F       G       H
1       1       ~       ~       ~       ~       ~       ~       ~
2       ~       ~       ~       ~       ~       ~       ~       ~
3       2       2       ~       ~       ~       ~       ~       ~
4       ~       ~       ~       ~       ~       ~       ~       ~
5       ~       ~       ~       ~       ~       ~       ~       ~
6       ~       ~       ~       ~       ~       ~       ~       ~
7       ~       ~       ~       ~       ~       ~       ~       ~
8       ~       ~       ~       ~       ~       ~       ~       ~

Thanks for placing your ships, player 1!
Now it's player 2's turn.